// Jest Snapshot v1, https://goo.gl/fbAQLP

exports[`MainView runs 1`] = `
Object {
  "asFragment": [Function],
  "baseElement": <body>
    <div />
    <div>
      <div
        class="sc-AxhUy jXKcLv"
      >
        <div
          class="sc-AxheI hujUmw"
        >
          <label
            class="sc-fzplWN cnlTHl"
            data-testid="main-create"
          >
            <form
              data-testid="main-create-form"
            >
              <input
                class="sc-AxgMl gEwrMB"
                data-testid="main-create-form-input"
                value=""
              />
            </form>
            <button
              class="sc-AxjAm RHRov"
              data-testid="main-create-button"
            >
              <svg
                fill="none"
                height="24"
                stroke="currentColor"
                stroke-linecap="round"
                stroke-linejoin="round"
                stroke-width="2"
                viewBox="0 0 24 24"
                width="24"
                xmlns="http://www.w3.org/2000/svg"
              >
                <line
                  x1="12"
                  x2="12"
                  y1="5"
                  y2="19"
                />
                <line
                  x1="5"
                  x2="19"
                  y1="12"
                  y2="12"
                />
              </svg>
            </button>
          </label>
          <div
            class="sc-AxheI ghkIZM"
          >
            <div
              class="sc-Axmtr cassBX"
              data-testid="todo"
            >
              <div
                class="sc-AxmLO QPZRk"
                data-testid="todo-completed"
              >
                <label
                  class="sc-AxirZ ATkXc"
                >
                  <input
                    checked=""
                    class="sc-AxhCb iKostn"
                    data-testid="todo-completed-input"
                    type="checkbox"
                  />
                  <div
                    class="sc-AxiKw CKSLb"
                  >
                    <svg
                      fill="none"
                      height="24"
                      stroke="currentColor"
                      stroke-linecap="round"
                      stroke-linejoin="round"
                      stroke-width="2"
                      viewBox="0 0 24 24"
                      width="24"
                      xmlns="http://www.w3.org/2000/svg"
                    >
                      <polyline
                        points="20 6 9 17 4 12"
                      />
                    </svg>
                  </div>
                </label>
              </div>
              <div
                class="sc-fzozJi eXhrpV"
                data-testid="todo-content"
              >
                <input
                  class="sc-AxgMl gEwrMB"
                  data-testid="todo-content-input"
                  value="create todo app"
                />
              </div>
              <div
                class="sc-fzoLsD hWbsas"
              >
                <button
                  class="sc-AxjAm RHRov"
                  data-testid="todo-button"
                >
                  <svg
                    fill="none"
                    height="24"
                    stroke="currentColor"
                    stroke-linecap="round"
                    stroke-linejoin="round"
                    stroke-width="2"
                    viewBox="0 0 24 24"
                    width="24"
                    xmlns="http://www.w3.org/2000/svg"
                  >
                    <line
                      x1="18"
                      x2="6"
                      y1="6"
                      y2="18"
                    />
                    <line
                      x1="6"
                      x2="18"
                      y1="6"
                      y2="18"
                    />
                  </svg>
                </button>
              </div>
            </div>
            <div
              class="sc-Axmtr cassBX"
              data-testid="todo"
            >
              <div
                class="sc-AxmLO QPZRk"
                data-testid="todo-completed"
              >
                <label
                  class="sc-AxirZ bzNmNo"
                >
                  <input
                    class="sc-AxhCb iKostn"
                    data-testid="todo-completed-input"
                    type="checkbox"
                  />
                  <div
                    class="sc-AxiKw CKSLb"
                  >
                    <svg
                      fill="none"
                      height="24"
                      stroke="currentColor"
                      stroke-linecap="round"
                      stroke-linejoin="round"
                      stroke-width="2"
                      viewBox="0 0 24 24"
                      width="24"
                      xmlns="http://www.w3.org/2000/svg"
                    >
                      <polyline
                        points="20 6 9 17 4 12"
                      />
                    </svg>
                  </div>
                </label>
              </div>
              <div
                class="sc-fzozJi eXhrpV"
                data-testid="todo-content"
              >
                <input
                  class="sc-AxgMl gEwrMB"
                  data-testid="todo-content-input"
                  value="find new job"
                />
              </div>
              <div
                class="sc-fzoLsD hWbsas"
              >
                <button
                  class="sc-AxjAm RHRov"
                  data-testid="todo-button"
                >
                  <svg
                    fill="none"
                    height="24"
                    stroke="currentColor"
                    stroke-linecap="round"
                    stroke-linejoin="round"
                    stroke-width="2"
                    viewBox="0 0 24 24"
                    width="24"
                    xmlns="http://www.w3.org/2000/svg"
                  >
                    <line
                      x1="18"
                      x2="6"
                      y1="6"
                      y2="18"
                    />
                    <line
                      x1="6"
                      x2="18"
                      y1="6"
                      y2="18"
                    />
                  </svg>
                </button>
              </div>
            </div>
          </div>
          <div
            class="sc-fznKkj FGnGs"
            data-testid="main-options"
          >
            <button
              class="sc-AxjAm RHRov"
              data-testid="main-options-checkall"
            >
              Check All
            </button>
            <button
              class="sc-AxjAm RHRov"
              data-testid="main-options-uncheckall"
            >
              Uncheck All
            </button>
            <button
              class="sc-AxjAm RHRov"
              data-testid="main-options-deleteall"
            >
              Delete All
            </button>
          </div>
        </div>
      </div>
    </div>
  </body>,
  "container": <div>
    <div
      class="sc-AxhUy jXKcLv"
    >
      <div
        class="sc-AxheI hujUmw"
      >
        <label
          class="sc-fzplWN cnlTHl"
          data-testid="main-create"
        >
          <form
            data-testid="main-create-form"
          >
            <input
              class="sc-AxgMl gEwrMB"
              data-testid="main-create-form-input"
              value=""
            />
          </form>
          <button
            class="sc-AxjAm RHRov"
            data-testid="main-create-button"
          >
            <svg
              fill="none"
              height="24"
              stroke="currentColor"
              stroke-linecap="round"
              stroke-linejoin="round"
              stroke-width="2"
              viewBox="0 0 24 24"
              width="24"
              xmlns="http://www.w3.org/2000/svg"
            >
              <line
                x1="12"
                x2="12"
                y1="5"
                y2="19"
              />
              <line
                x1="5"
                x2="19"
                y1="12"
                y2="12"
              />
            </svg>
          </button>
        </label>
        <div
          class="sc-AxheI ghkIZM"
        >
          <div
            class="sc-Axmtr cassBX"
            data-testid="todo"
          >
            <div
              class="sc-AxmLO QPZRk"
              data-testid="todo-completed"
            >
              <label
                class="sc-AxirZ ATkXc"
              >
                <input
                  checked=""
                  class="sc-AxhCb iKostn"
                  data-testid="todo-completed-input"
                  type="checkbox"
                />
                <div
                  class="sc-AxiKw CKSLb"
                >
                  <svg
                    fill="none"
                    height="24"
                    stroke="currentColor"
                    stroke-linecap="round"
                    stroke-linejoin="round"
                    stroke-width="2"
                    viewBox="0 0 24 24"
                    width="24"
                    xmlns="http://www.w3.org/2000/svg"
                  >
                    <polyline
                      points="20 6 9 17 4 12"
                    />
                  </svg>
                </div>
              </label>
            </div>
            <div
              class="sc-fzozJi eXhrpV"
              data-testid="todo-content"
            >
              <input
                class="sc-AxgMl gEwrMB"
                data-testid="todo-content-input"
                value="create todo app"
              />
            </div>
            <div
              class="sc-fzoLsD hWbsas"
            >
              <button
                class="sc-AxjAm RHRov"
                data-testid="todo-button"
              >
                <svg
                  fill="none"
                  height="24"
                  stroke="currentColor"
                  stroke-linecap="round"
                  stroke-linejoin="round"
                  stroke-width="2"
                  viewBox="0 0 24 24"
                  width="24"
                  xmlns="http://www.w3.org/2000/svg"
                >
                  <line
                    x1="18"
                    x2="6"
                    y1="6"
                    y2="18"
                  />
                  <line
                    x1="6"
                    x2="18"
                    y1="6"
                    y2="18"
                  />
                </svg>
              </button>
            </div>
          </div>
          <div
            class="sc-Axmtr cassBX"
            data-testid="todo"
          >
            <div
              class="sc-AxmLO QPZRk"
              data-testid="todo-completed"
            >
              <label
                class="sc-AxirZ bzNmNo"
              >
                <input
                  class="sc-AxhCb iKostn"
                  data-testid="todo-completed-input"
                  type="checkbox"
                />
                <div
                  class="sc-AxiKw CKSLb"
                >
                  <svg
                    fill="none"
                    height="24"
                    stroke="currentColor"
                    stroke-linecap="round"
                    stroke-linejoin="round"
                    stroke-width="2"
                    viewBox="0 0 24 24"
                    width="24"
                    xmlns="http://www.w3.org/2000/svg"
                  >
                    <polyline
                      points="20 6 9 17 4 12"
                    />
                  </svg>
                </div>
              </label>
            </div>
            <div
              class="sc-fzozJi eXhrpV"
              data-testid="todo-content"
            >
              <input
                class="sc-AxgMl gEwrMB"
                data-testid="todo-content-input"
                value="find new job"
              />
            </div>
            <div
              class="sc-fzoLsD hWbsas"
            >
              <button
                class="sc-AxjAm RHRov"
                data-testid="todo-button"
              >
                <svg
                  fill="none"
                  height="24"
                  stroke="currentColor"
                  stroke-linecap="round"
                  stroke-linejoin="round"
                  stroke-width="2"
                  viewBox="0 0 24 24"
                  width="24"
                  xmlns="http://www.w3.org/2000/svg"
                >
                  <line
                    x1="18"
                    x2="6"
                    y1="6"
                    y2="18"
                  />
                  <line
                    x1="6"
                    x2="18"
                    y1="6"
                    y2="18"
                  />
                </svg>
              </button>
            </div>
          </div>
        </div>
        <div
          class="sc-fznKkj FGnGs"
          data-testid="main-options"
        >
          <button
            class="sc-AxjAm RHRov"
            data-testid="main-options-checkall"
          >
            Check All
          </button>
          <button
            class="sc-AxjAm RHRov"
            data-testid="main-options-uncheckall"
          >
            Uncheck All
          </button>
          <button
            class="sc-AxjAm RHRov"
            data-testid="main-options-deleteall"
          >
            Delete All
          </button>
        </div>
      </div>
    </div>
  </div>,
  "debug": [Function],
  "findAllByAltText": [Function],
  "findAllByDisplayValue": [Function],
  "findAllByLabelText": [Function],
  "findAllByPlaceholderText": [Function],
  "findAllByRole": [Function],
  "findAllByTestId": [Function],
  "findAllByText": [Function],
  "findAllByTitle": [Function],
  "findByAltText": [Function],
  "findByDisplayValue": [Function],
  "findByLabelText": [Function],
  "findByPlaceholderText": [Function],
  "findByRole": [Function],
  "findByTestId": [Function],
  "findByText": [Function],
  "findByTitle": [Function],
  "getAllByAltText": [Function],
  "getAllByDisplayValue": [Function],
  "getAllByLabelText": [Function],
  "getAllByPlaceholderText": [Function],
  "getAllByRole": [Function],
  "getAllByTestId": [Function],
  "getAllByText": [Function],
  "getAllByTitle": [Function],
  "getByAltText": [Function],
  "getByDisplayValue": [Function],
  "getByLabelText": [Function],
  "getByPlaceholderText": [Function],
  "getByRole": [Function],
  "getByTestId": [Function],
  "getByText": [Function],
  "getByTitle": [Function],
  "queryAllByAltText": [Function],
  "queryAllByDisplayValue": [Function],
  "queryAllByLabelText": [Function],
  "queryAllByPlaceholderText": [Function],
  "queryAllByRole": [Function],
  "queryAllByTestId": [Function],
  "queryAllByText": [Function],
  "queryAllByTitle": [Function],
  "queryByAltText": [Function],
  "queryByDisplayValue": [Function],
  "queryByLabelText": [Function],
  "queryByPlaceholderText": [Function],
  "queryByRole": [Function],
  "queryByTestId": [Function],
  "queryByText": [Function],
  "queryByTitle": [Function],
  "rerender": [Function],
  "unmount": [Function],
}
`;
