// Jest Snapshot v1, https://goo.gl/fbAQLP

exports[`Todo runs 1`] = `
Object {
  "asFragment": [Function],
  "baseElement": <body>
    <div />
    <div>
      <div
        class="sc-AxjAm fwkaia"
        data-testid="todo"
      >
        <div
          class="sc-AxirZ gsjyTv"
          data-testid="todo-completed"
        >
          <label
            class="sc-AxgMl etVWWD"
          >
            <input
              class="sc-Axmtr cIqeNF"
              data-testid="todo-completed-input"
              type="checkbox"
            />
            <div
              class="sc-AxheI bpzKbG"
            >
              <svg
                fill="none"
                height="24"
                stroke="currentColor"
                stroke-linecap="round"
                stroke-linejoin="round"
                stroke-width="2"
                viewBox="0 0 24 24"
                width="24"
                xmlns="http://www.w3.org/2000/svg"
              >
                <polyline
                  points="20 6 9 17 4 12"
                />
              </svg>
            </div>
          </label>
        </div>
        <div
          class="sc-AxiKw hJwCtr"
          data-testid="todo-content"
        >
          <input
            class="sc-fzozJi fOBrlk"
            data-testid="todo-content-input"
            value="find new job"
          />
        </div>
        <div
          class="sc-AxhCb fgtRIY"
        >
          <button
            class="sc-AxhUy kifWmV"
            data-testid="todo-button"
          >
            <svg
              fill="none"
              height="24"
              stroke="currentColor"
              stroke-linecap="round"
              stroke-linejoin="round"
              stroke-width="2"
              viewBox="0 0 24 24"
              width="24"
              xmlns="http://www.w3.org/2000/svg"
            >
              <line
                x1="18"
                x2="6"
                y1="6"
                y2="18"
              />
              <line
                x1="6"
                x2="18"
                y1="6"
                y2="18"
              />
            </svg>
          </button>
        </div>
      </div>
    </div>
  </body>,
  "container": <div>
    <div
      class="sc-AxjAm fwkaia"
      data-testid="todo"
    >
      <div
        class="sc-AxirZ gsjyTv"
        data-testid="todo-completed"
      >
        <label
          class="sc-AxgMl etVWWD"
        >
          <input
            class="sc-Axmtr cIqeNF"
            data-testid="todo-completed-input"
            type="checkbox"
          />
          <div
            class="sc-AxheI bpzKbG"
          >
            <svg
              fill="none"
              height="24"
              stroke="currentColor"
              stroke-linecap="round"
              stroke-linejoin="round"
              stroke-width="2"
              viewBox="0 0 24 24"
              width="24"
              xmlns="http://www.w3.org/2000/svg"
            >
              <polyline
                points="20 6 9 17 4 12"
              />
            </svg>
          </div>
        </label>
      </div>
      <div
        class="sc-AxiKw hJwCtr"
        data-testid="todo-content"
      >
        <input
          class="sc-fzozJi fOBrlk"
          data-testid="todo-content-input"
          value="find new job"
        />
      </div>
      <div
        class="sc-AxhCb fgtRIY"
      >
        <button
          class="sc-AxhUy kifWmV"
          data-testid="todo-button"
        >
          <svg
            fill="none"
            height="24"
            stroke="currentColor"
            stroke-linecap="round"
            stroke-linejoin="round"
            stroke-width="2"
            viewBox="0 0 24 24"
            width="24"
            xmlns="http://www.w3.org/2000/svg"
          >
            <line
              x1="18"
              x2="6"
              y1="6"
              y2="18"
            />
            <line
              x1="6"
              x2="18"
              y1="6"
              y2="18"
            />
          </svg>
        </button>
      </div>
    </div>
  </div>,
  "debug": [Function],
  "findAllByAltText": [Function],
  "findAllByDisplayValue": [Function],
  "findAllByLabelText": [Function],
  "findAllByPlaceholderText": [Function],
  "findAllByRole": [Function],
  "findAllByTestId": [Function],
  "findAllByText": [Function],
  "findAllByTitle": [Function],
  "findByAltText": [Function],
  "findByDisplayValue": [Function],
  "findByLabelText": [Function],
  "findByPlaceholderText": [Function],
  "findByRole": [Function],
  "findByTestId": [Function],
  "findByText": [Function],
  "findByTitle": [Function],
  "getAllByAltText": [Function],
  "getAllByDisplayValue": [Function],
  "getAllByLabelText": [Function],
  "getAllByPlaceholderText": [Function],
  "getAllByRole": [Function],
  "getAllByTestId": [Function],
  "getAllByText": [Function],
  "getAllByTitle": [Function],
  "getByAltText": [Function],
  "getByDisplayValue": [Function],
  "getByLabelText": [Function],
  "getByPlaceholderText": [Function],
  "getByRole": [Function],
  "getByTestId": [Function],
  "getByText": [Function],
  "getByTitle": [Function],
  "queryAllByAltText": [Function],
  "queryAllByDisplayValue": [Function],
  "queryAllByLabelText": [Function],
  "queryAllByPlaceholderText": [Function],
  "queryAllByRole": [Function],
  "queryAllByTestId": [Function],
  "queryAllByText": [Function],
  "queryAllByTitle": [Function],
  "queryByAltText": [Function],
  "queryByDisplayValue": [Function],
  "queryByLabelText": [Function],
  "queryByPlaceholderText": [Function],
  "queryByRole": [Function],
  "queryByTestId": [Function],
  "queryByText": [Function],
  "queryByTitle": [Function],
  "rerender": [Function],
  "unmount": [Function],
}
`;
